2026-07-24 02:20:28 | INFO    | ══════════════════════════════════════════════════════════════════════════
 RETRIEVAL KEY ABLATION
══════════════════════════════════════════════════════════════════════════
  experiment                : exp1  (encoder: exp1)
  folds                     : [0, 1, 2, 3, 4]
  stage                     : cache
  grid size                 : 39 (key, key_transform) configurations
  held fixed                : route/k/cap/T (D3-D7) + the Stage B2 gate protocol
  surface                   : pooled out-of-fold validation -- the test set is NOT touched
  output dir                : analysis\retrieval_keys\exp1
  device                    : cuda  (NVIDIA GeForce RTX 3050 Laptop GPU)
──────────────────────────────────────────────────────────────────────────
2026-07-24 02:20:31 | INFO    | ══════════════════════════════════════════════════════════════════════════
 CACHE  fold 0
══════════════════════════════════════════════════════════════════════════
  checkpoint                : runs\exp1_swin_cls\20260709_015318_train_fold0\checkpoints\best.pt
  bank split                : 4541 images / 52 train patients
  val split                 : 1715 images / 14 val patients
  output                    : analysis\retrieval_keys\exp1\cache_fold0.npz
──────────────────────────────────────────────────────────────────────────
2026-07-24 02:20:59 | INFO    |   [fold0/bank] encoded 16 images ...
2026-07-24 02:21:08 | INFO    |   [fold0/bank] encoded 816 images ...
2026-07-24 02:21:18 | INFO    |   [fold0/bank] encoded 1616 images ...
2026-07-24 02:21:29 | INFO    |   [fold0/bank] encoded 2416 images ...
2026-07-24 02:21:39 | INFO    |   [fold0/bank] encoded 3216 images ...
2026-07-24 02:21:49 | INFO    |   [fold0/bank] encoded 4016 images ...
2026-07-24 02:22:26 | INFO    |   [fold0/val] encoded 16 images ...
2026-07-24 02:22:36 | INFO    |   [fold0/val] encoded 816 images ...
2026-07-24 02:22:47 | INFO    |   [fold0/val] encoded 1616 images ...
2026-07-24 02:23:00 | INFO    | fold 0: cached -> analysis\retrieval_keys\exp1\cache_fold0.npz  (89.3 MB)
2026-07-24 02:23:03 | INFO    | ══════════════════════════════════════════════════════════════════════════
 CACHE  fold 1
══════════════════════════════════════════════════════════════════════════
  checkpoint                : runs\exp1_swin_cls\20260709_021233_train_fold1\checkpoints\best.pt
  bank split                : 5133 images / 53 train patients
  val split                 : 1123 images / 13 val patients
  output                    : analysis\retrieval_keys\exp1\cache_fold1.npz
──────────────────────────────────────────────────────────────────────────
2026-07-24 02:23:31 | INFO    |   [fold1/bank] encoded 16 images ...
2026-07-24 02:23:41 | INFO    |   [fold1/bank] encoded 816 images ...
2026-07-24 02:23:51 | INFO    |   [fold1/bank] encoded 1616 images ...
2026-07-24 02:24:01 | INFO    |   [fold1/bank] encoded 2416 images ...
2026-07-24 02:24:12 | INFO    |   [fold1/bank] encoded 3216 images ...
2026-07-24 02:24:23 | INFO    |   [fold1/bank] encoded 4016 images ...
2026-07-24 02:24:36 | INFO    |   [fold1/bank] encoded 4816 images ...
2026-07-24 02:25:14 | INFO    |   [fold1/val] encoded 16 images ...
2026-07-24 02:25:25 | INFO    |   [fold1/val] encoded 816 images ...
2026-07-24 02:25:40 | INFO    | fold 1: cached -> analysis\retrieval_keys\exp1\cache_fold1.npz  (87.7 MB)
2026-07-24 02:25:43 | INFO    | ══════════════════════════════════════════════════════════════════════════
 CACHE  fold 2
══════════════════════════════════════════════════════════════════════════
  checkpoint                : runs\exp1_swin_cls\20260709_023136_train_fold2\checkpoints\best.pt
  bank split                : 5137 images / 53 train patients
  val split                 : 1119 images / 13 val patients
  output                    : analysis\retrieval_keys\exp1\cache_fold2.npz
──────────────────────────────────────────────────────────────────────────
2026-07-24 02:26:11 | INFO    |   [fold2/bank] encoded 16 images ...
2026-07-24 02:26:21 | INFO    |   [fold2/bank] encoded 816 images ...
2026-07-24 02:26:32 | INFO    |   [fold2/bank] encoded 1616 images ...
2026-07-24 02:26:43 | INFO    |   [fold2/bank] encoded 2416 images ...
2026-07-24 02:26:54 | INFO    |   [fold2/bank] encoded 3216 images ...
2026-07-24 02:27:08 | INFO    |   [fold2/bank] encoded 4016 images ...
2026-07-24 02:27:23 | INFO    |   [fold2/bank] encoded 4816 images ...
2026-07-24 02:28:05 | INFO    |   [fold2/val] encoded 16 images ...
2026-07-24 02:28:15 | INFO    |   [fold2/val] encoded 816 images ...
2026-07-24 02:28:31 | INFO    | fold 2: cached -> analysis\retrieval_keys\exp1\cache_fold2.npz  (88.0 MB)
2026-07-24 02:28:35 | INFO    | ══════════════════════════════════════════════════════════════════════════
 CACHE  fold 3
══════════════════════════════════════════════════════════════════════════
  checkpoint                : runs\exp1_swin_cls\20260709_025003_train_fold3\checkpoints\best.pt
  bank split                : 5027 images / 53 train patients
  val split                 : 1229 images / 13 val patients
  output                    : analysis\retrieval_keys\exp1\cache_fold3.npz
──────────────────────────────────────────────────────────────────────────
2026-07-24 02:29:06 | INFO    |   [fold3/bank] encoded 16 images ...
2026-07-24 02:29:16 | INFO    |   [fold3/bank] encoded 816 images ...
2026-07-24 02:29:27 | INFO    |   [fold3/bank] encoded 1616 images ...
2026-07-24 02:29:43 | INFO    |   [fold3/bank] encoded 2416 images ...
2026-07-24 02:30:06 | INFO    |   [fold3/bank] encoded 3216 images ...
2026-07-24 02:30:27 | INFO    |   [fold3/bank] encoded 4016 images ...
2026-07-24 02:30:50 | INFO    |   [fold3/bank] encoded 4816 images ...
2026-07-24 02:31:24 | INFO    |   [fold3/val] encoded 16 images ...
2026-07-24 02:31:34 | INFO    |   [fold3/val] encoded 816 images ...
2026-07-24 02:31:50 | INFO    | fold 3: cached -> analysis\retrieval_keys\exp1\cache_fold3.npz  (90.2 MB)
2026-07-24 02:31:55 | INFO    | ══════════════════════════════════════════════════════════════════════════
 CACHE  fold 4
══════════════════════════════════════════════════════════════════════════
  checkpoint                : runs\exp1_swin_cls\20260709_030859_train_fold4\checkpoints\best.pt
  bank split                : 5186 images / 53 train patients
  val split                 : 1070 images / 13 val patients
  output                    : analysis\retrieval_keys\exp1\cache_fold4.npz
──────────────────────────────────────────────────────────────────────────
2026-07-24 02:32:23 | INFO    |   [fold4/bank] encoded 16 images ...
2026-07-24 02:32:33 | INFO    |   [fold4/bank] encoded 816 images ...
2026-07-24 02:32:45 | INFO    |   [fold4/bank] encoded 1616 images ...
2026-07-24 02:32:58 | INFO    |   [fold4/bank] encoded 2416 images ...
2026-07-24 02:33:17 | INFO    |   [fold4/bank] encoded 3216 images ...
2026-07-24 02:33:37 | INFO    |   [fold4/bank] encoded 4016 images ...
2026-07-24 02:34:01 | INFO    |   [fold4/bank] encoded 4816 images ...
2026-07-24 02:34:47 | INFO    |   [fold4/val] encoded 16 images ...
2026-07-24 02:34:57 | INFO    |   [fold4/val] encoded 816 images ...
2026-07-24 02:35:12 | INFO    | fold 4: cached -> analysis\retrieval_keys\exp1\cache_fold4.npz  (90.5 MB)
